* using log directory ‘/usr/local/src/chattrBackground/chattrBackground.Rcheck’
* using R version 4.5.2 (2025-10-31)
* using platform: x86_64-pc-linux-gnu
* R was compiled by
    gcc (Ubuntu 11.4.0-1ubuntu1~22.04.2) 11.4.0
    GNU Fortran (Ubuntu 11.4.0-1ubuntu1~22.04.2) 11.4.0
* running under: Ubuntu 22.04.5 LTS
* using session charset: UTF-8
* using option ‘--no-manual’
* checking for file ‘chattrBackground/DESCRIPTION’ ... OK
* checking extension type ... Package
* this is package ‘chattrBackground’ version ‘2.0.0’
* package encoding: UTF-8
* checking package namespace information ... OK
* checking package dependencies ... OK
* checking if this is a source package ... OK
* checking if there is a namespace ... OK
* checking for executable files ... OK
* checking for hidden files and directories ... OK
* checking for portable file names ... OK
* checking for sufficient/correct file permissions ... OK
* checking whether package ‘chattrBackground’ can be installed ... ERROR
Installation failed.
See ‘/usr/local/src/chattrBackground/chattrBackground.Rcheck/00install.out’ for details.
* DONE
Status: 1 ERROR
